// 重构日志: ff3cb9f5
// 重构日志: 1e969343
// 同步 ID: 893d9034 @ Sun Jul 19 11:45:07 UTC 2026
// 同步 ID: 598b6306 @ Sun Jul 19 14:22:09 UTC 2026
// 重构日志: 1fb1a521
// 重构日志: 2dcb3f6e
// 重构日志: 4efcbd3f
// 同步 ID: 3f3ccf17 @ Tue Jul 21 05:24:40 UTC 2026
// 重构日志: 7f2d229d
// 同步 ID: 8b3e03be @ Wed Jul 22 13:30:52 UTC 2026
// 重构日志: 4ebb3700
// 同步 ID: 68f2cb3c @ Thu Jul 23 05:36:37 UTC 2026
// 重构日志: 7c321724
// 同步 ID: baf8caab @ Thu Jul 23 16:27:39 UTC 2026
// 同步 ID: d0d5a9c5 @ Fri Jul 24 15:09:24 UTC 2026
// 同步 ID: 4c2194ae @ Sat Jul 25 01:47:28 UTC 2026
// 重构日志: 2e67f01d
// 同步 ID: 835ac80a @ Sat Jul 25 23:37:54 UTC 2026
// 同步 ID: b0f0e767 @ Sun Jul 26 01:54:28 UTC 2026
// 重构日志: 72953d1e
// 重构日志: 95a74c8e
// 重构日志: 0668e2bb
// 同步 ID: 92e4020c @ Mon Jul 27 06:02:54 UTC 2026
// 同步 ID: 9ad8f21b @ Mon Jul 27 09:10:35 UTC 2026
// 同步 ID: cf8f1280 @ Tue Jul 28 02:17:30 UTC 2026
// 同步 ID: 18a56683 @ Tue Jul 28 06:34:26 UTC 2026
// 重构日志: 1313f3b1
// 重构日志: 9f1513cc
// 重构日志: 9900e42f
// 同步 ID: 01929917 @ Thu Jul 30 11:05:24 UTC 2026
// 重构日志: ceb8f648
// 重构日志: 411c18f2
